<html>
<body>
<pre>
<h1>µVision Build Log</h1>
<h2>Tool Versions:</h2>
IDE-Version: µVision V5.33.0.0
Copyright (C) 2020 ARM Ltd and ARM Germany GmbH. All rights reserved.
License Information: Mustafa Farraj, CSULB, LIC=----
 
Tool Versions:
Toolchain:       MDK-Lite  Version: 5.33.0.0
Toolchain Path:  C:\Keil_v5\ARM\ARMCC\Bin
C Compiler:      Armcc.exe V5.06 update 7 (build 960)
Assembler:       Armasm.exe V5.06 update 7 (build 960)
Linker/Locator:  ArmLink.exe V5.06 update 7 (build 960)
Library Manager: ArmAr.exe V5.06 update 7 (build 960)
Hex Converter:   FromElf.exe V5.06 update 7 (build 960)
CPU DLL:         SARMCM3.DLL V5.33.0.0
Dialog DLL:      DCM.DLL V1.17.3.0
Target DLL:      lmidk-agdi.dll V???
Dialog DLL:      TCM.DLL V1.48.0.0
 
<h2>Project:</h2>
C:\Users\Musta\OneDrive\Desktop\UltraSonicSensorTimer\UltraSonicSensorTimer.uvproj
Project File Date:  11/22/2021

<h2>Output:</h2>
*** Using Compiler 'V5.06 update 7 (build 960)', folder: 'C:\Keil_v5\ARM\ARMCC\Bin'
Rebuild target 'Target 1'
assembling startup.s...
compiling UART.c...
UART.h(122): warning:  #1-D: last line of file ends without a newline
  unsigned char UART1_NonBlockingInChar(void);
UART.c: 1 warning, 0 errors
compiling main.c...
hc-sr04.h(15): warning:  #1-D: last line of file ends without a newline
  //#endif  HC_SR04_H
UART.h(122): warning:  #1-D: last line of file ends without a newline
  unsigned char UART1_NonBlockingInChar(void);
Speaker.h(13): warning:  #1-D: last line of file ends without a newline
  void OutSoundRight(uint32_t value);
main.c(72): warning:  #1-D: last line of file ends without a newline
  }
main.c: 4 warnings, 0 errors
compiling Sound.c...
Speaker.h(13): warning:  #1-D: last line of file ends without a newline
  void OutSoundRight(uint32_t value);
Sound.c: 1 warning, 0 errors
compiling Speaker.c...
Speaker.h(13): warning:  #1-D: last line of file ends without a newline
  void OutSoundRight(uint32_t value);
hc-sr04.h(15): warning:  #1-D: last line of file ends without a newline
  //#endif  HC_SR04_H
Speaker.c: 2 warnings, 0 errors
compiling hc-sr04.c...
hc-sr04.h(15): warning:  #1-D: last line of file ends without a newline
  //#endif  HC_SR04_H
UART.h(122): warning:  #1-D: last line of file ends without a newline
  unsigned char UART1_NonBlockingInChar(void);
hc-sr04.c: 2 warnings, 0 errors
linking...
Program Size: Code=7592 RO-data=96 RW-data=8 ZI-data=1120  
".\UltraSonicSensorTimer.axf" - 0 Error(s), 10 Warning(s).
Build Time Elapsed:  00:00:01
</pre>
</body>
</html>
