Component: ARM Compiler 5.06 update 7 (build 960) Tool: armlink [4d3601]

==============================================================================

Section Cross References

    startup.o(STACK) refers (Special) to heapauxi.o(.text) for __use_two_region_memory
    startup.o(HEAP) refers (Special) to heapauxi.o(.text) for __use_two_region_memory
    startup.o(RESET) refers (Special) to heapauxi.o(.text) for __use_two_region_memory
    startup.o(RESET) refers to startup.o(STACK) for StackMem
    startup.o(RESET) refers to sound.o(.text) for SysTick_Handler
    startup.o(RESET) refers to __main.o(!!!main) for __main
    startup.o(.text) refers (Special) to heapauxi.o(.text) for __use_two_region_memory
    startup.o(.text) refers to startup.o(HEAP) for HeapMem
    startup.o(.text) refers to startup.o(STACK) for StackMem
    main.o(.text) refers to _printf_percent.o(.ARM.Collect$$_printf_percent$$00000000) for _printf_percent
    main.o(.text) refers to _printf_d.o(.ARM.Collect$$_printf_percent$$00000009) for _printf_d
    main.o(.text) refers to _printf_dec.o(.text) for _printf_int_dec
    main.o(.text) refers to uart.o(.text) for UART0_OutChar
    main.o(.text) refers to rt_memclr_w.o(.text) for __aeabi_memclr4
    main.o(.text) refers to hc-sr04.o(.text) for InitRegisters
    main.o(.text) refers to speaker.o(.text) for OutSoundMiddle
    main.o(.text) refers to noretval__2sprintf.o(.text) for __2sprintf
    hc-sr04.o(.text) refers to dflt_clz.o(x$fpl$dfltu) for __aeabi_ui2d
    hc-sr04.o(.text) refers to dmul.o(x$fpl$dmul) for __aeabi_dmul
    hc-sr04.o(.text) refers to dleqf.o(x$fpl$dleqf) for __aeabi_cdcmple
    hc-sr04.o(.text) refers to drleqf.o(x$fpl$drleqf) for __aeabi_cdrcmple
    hc-sr04.o(.text) refers to round.o(i.round) for round
    hc-sr04.o(.text) refers to dfix.o(x$fpl$dfix) for __aeabi_d2iz
    sound.o(.text) refers to speaker.o(.text) for Speakers
    sound.o(.text) refers to sound.o(.data) for sound_enable
    sound.o(.text) refers to sound.o(.constdata) for SineWave64
    speaker.o(.text) refers to hc-sr04.o(.text) for delay_Microsecond
    __2sprintf.o(.text) refers to _printf_char_common.o(.text) for _printf_char_common
    __2sprintf.o(.text) refers to _sputc.o(.text) for _sputc
    noretval__2sprintf.o(.text) refers to _printf_char_common.o(.text) for _printf_char_common
    noretval__2sprintf.o(.text) refers to _sputc.o(.text) for _sputc
    __printf.o(.text) refers to _printf_percent.o(.ARM.Collect$$_printf_percent$$00000000) for _printf_percent
    _printf_dec.o(.text) refers to _printf_intcommon.o(.text) for _printf_int_common
    __printf_flags.o(.text) refers to _printf_percent.o(.ARM.Collect$$_printf_percent$$00000000) for _printf_percent
    __printf_flags.o(.text) refers to __printf_flags.o(.constdata) for .constdata
    __printf_ss.o(.text) refers to _printf_percent.o(.ARM.Collect$$_printf_percent$$00000000) for _printf_percent
    __printf_flags_ss.o(.text) refers to _printf_percent.o(.ARM.Collect$$_printf_percent$$00000000) for _printf_percent
    __printf_flags_ss.o(.text) refers to __printf_flags_ss.o(.constdata) for .constdata
    __printf_wp.o(.text) refers to __printf_wp.o(i._is_digit) for _is_digit
    __printf_wp.o(.text) refers to _printf_percent.o(.ARM.Collect$$_printf_percent$$00000000) for _printf_percent
    __printf_flags_wp.o(.text) refers to __printf_wp.o(i._is_digit) for _is_digit
    __printf_flags_wp.o(.text) refers to _printf_percent.o(.ARM.Collect$$_printf_percent$$00000000) for _printf_percent
    __printf_flags_wp.o(.text) refers to __printf_flags_wp.o(.constdata) for .constdata
    __printf_ss_wp.o(.text) refers to __printf_wp.o(i._is_digit) for _is_digit
    __printf_ss_wp.o(.text) refers to _printf_percent.o(.ARM.Collect$$_printf_percent$$00000000) for _printf_percent
    __printf_flags_ss_wp.o(.text) refers to __printf_wp.o(i._is_digit) for _is_digit
    __printf_flags_ss_wp.o(.text) refers to _printf_percent.o(.ARM.Collect$$_printf_percent$$00000000) for _printf_percent
    __printf_flags_ss_wp.o(.text) refers to __printf_flags_ss_wp.o(.constdata) for .constdata
    _printf_d.o(.ARM.Collect$$_printf_percent$$00000009) refers (Weak) to _printf_dec.o(.text) for _printf_int_dec
    _printf_percent.o(.ARM.Collect$$_printf_percent$$00000000) refers (Special) to _printf_percent_end.o(.ARM.Collect$$_printf_percent$$00000017) for _printf_percent_end
    __main.o(!!!main) refers to __rtentry.o(.ARM.Collect$$rtentry$$00000000) for __rt_entry
    dfix.o(x$fpl$dfix) refers (Special) to usenofp.o(x$fpl$usenofp) for __I$use$fp
    dfix.o(x$fpl$dfix) refers to dnaninf.o(x$fpl$dnaninf) for __fpl_dnaninf
    dfix.o(x$fpl$dfixr) refers (Special) to usenofp.o(x$fpl$usenofp) for __I$use$fp
    dfix.o(x$fpl$dfixr) refers to dnaninf.o(x$fpl$dnaninf) for __fpl_dnaninf
    dflt_clz.o(x$fpl$dfltu) refers (Special) to usenofp.o(x$fpl$usenofp) for __I$use$fp
    dflt_clz.o(x$fpl$dflt) refers (Special) to usenofp.o(x$fpl$usenofp) for __I$use$fp
    dflt_clz.o(x$fpl$dfltn) refers (Special) to usenofp.o(x$fpl$usenofp) for __I$use$fp
    dleqf.o(x$fpl$dleqf) refers (Special) to usenofp.o(x$fpl$usenofp) for __I$use$fp
    dleqf.o(x$fpl$dleqf) refers to dnaninf.o(x$fpl$dnaninf) for __fpl_dnaninf
    dleqf.o(x$fpl$dleqf) refers to dcmpi.o(x$fpl$dcmpinf) for __fpl_dcmp_Inf
    dmul.o(x$fpl$dmul) refers (Special) to usenofp.o(x$fpl$usenofp) for __I$use$fp
    dmul.o(x$fpl$dmul) refers to dretinf.o(x$fpl$dretinf) for __fpl_dretinf
    dmul.o(x$fpl$dmul) refers to dnaninf.o(x$fpl$dnaninf) for __fpl_dnaninf
    drleqf.o(x$fpl$drleqf) refers (Special) to usenofp.o(x$fpl$usenofp) for __I$use$fp
    drleqf.o(x$fpl$drleqf) refers to dleqf.o(x$fpl$dleqf) for __fpl_dcmple_InfNaN
    round.o(i.round) refers (Special) to usenofp.o(x$fpl$usenofp) for __I$use$fp
    round.o(i.round) refers to drnd.o(x$fpl$drnd) for _drnd
    round.o(i.round) refers to daddsub_clz.o(x$fpl$drsb) for __aeabi_drsub
    round.o(i.round) refers to dleqf.o(x$fpl$dleqf) for __aeabi_cdcmple
    round.o(i.round) refers to drleqf.o(x$fpl$drleqf) for __aeabi_cdrcmple
    round.o(i.round) refers to daddsub_clz.o(x$fpl$dsub) for __aeabi_dsub
    round.o(i.round) refers to daddsub_clz.o(x$fpl$dadd) for __aeabi_dadd
    __rtentry.o(.ARM.Collect$$rtentry$$00000000) refers (Special) to __rtentry2.o(.ARM.Collect$$rtentry$$0000000A) for __rt_entry_li
    __rtentry.o(.ARM.Collect$$rtentry$$00000000) refers (Special) to __rtentry2.o(.ARM.Collect$$rtentry$$0000000D) for __rt_entry_main
    __rtentry.o(.ARM.Collect$$rtentry$$00000000) refers (Special) to __rtentry2.o(.ARM.Collect$$rtentry$$0000000C) for __rt_entry_postli_1
    __rtentry.o(.ARM.Collect$$rtentry$$00000000) refers (Special) to __rtentry2.o(.ARM.Collect$$rtentry$$00000009) for __rt_entry_postsh_1
    __rtentry.o(.ARM.Collect$$rtentry$$00000000) refers (Special) to __rtentry2.o(.ARM.Collect$$rtentry$$00000002) for __rt_entry_presh_1
    __rtentry.o(.ARM.Collect$$rtentry$$00000000) refers (Special) to __rtentry4.o(.ARM.Collect$$rtentry$$00000004) for __rt_entry_sh
    _printf_char_common.o(.text) refers to __printf.o(.text) for __printf
    daddsub_clz.o(x$fpl$dadd) refers (Special) to usenofp.o(x$fpl$usenofp) for __I$use$fp
    daddsub_clz.o(x$fpl$dadd) refers to daddsub_clz.o(x$fpl$dsub) for _dsub1
    daddsub_clz.o(x$fpl$dadd) refers to dretinf.o(x$fpl$dretinf) for __fpl_dretinf
    daddsub_clz.o(x$fpl$dadd) refers to dnaninf.o(x$fpl$dnaninf) for __fpl_dnaninf
    daddsub_clz.o(x$fpl$drsb) refers (Special) to usenofp.o(x$fpl$usenofp) for __I$use$fp
    daddsub_clz.o(x$fpl$drsb) refers to daddsub_clz.o(x$fpl$dadd) for _dadd1
    daddsub_clz.o(x$fpl$drsb) refers to daddsub_clz.o(x$fpl$dsub) for _dsub1
    daddsub_clz.o(x$fpl$dsub) refers (Special) to usenofp.o(x$fpl$usenofp) for __I$use$fp
    daddsub_clz.o(x$fpl$dsub) refers to daddsub_clz.o(x$fpl$dadd) for _dadd1
    daddsub_clz.o(x$fpl$dsub) refers to dnaninf.o(x$fpl$dnaninf) for __fpl_dnaninf
    dcmpi.o(x$fpl$dcmpinf) refers (Special) to usenofp.o(x$fpl$usenofp) for __I$use$fp
    dnaninf.o(x$fpl$dnaninf) refers (Special) to usenofp.o(x$fpl$usenofp) for __I$use$fp
    dretinf.o(x$fpl$dretinf) refers (Special) to usenofp.o(x$fpl$usenofp) for __I$use$fp
    drnd.o(x$fpl$drnd) refers (Special) to usenofp.o(x$fpl$usenofp) for __I$use$fp
    drnd.o(x$fpl$drnd) refers to dnaninf.o(x$fpl$dnaninf) for __fpl_dnaninf
    __rtentry2.o(.ARM.Collect$$rtentry$$00000008) refers to boardinit2.o(.text) for _platform_post_stackheap_init
    __rtentry2.o(.ARM.Collect$$rtentry$$0000000A) refers to libinit.o(.ARM.Collect$$libinit$$00000000) for __rt_lib_init
    __rtentry2.o(.ARM.Collect$$rtentry$$0000000B) refers to boardinit3.o(.text) for _platform_post_lib_init
    __rtentry2.o(.ARM.Collect$$rtentry$$0000000D) refers to main.o(.text) for main
    __rtentry2.o(.ARM.Collect$$rtentry$$0000000D) refers to exit.o(.text) for exit
    __rtentry2.o(.ARM.exidx) refers to __rtentry2.o(.ARM.Collect$$rtentry$$00000001) for .ARM.Collect$$rtentry$$00000001
    __rtentry2.o(.ARM.exidx) refers to __rtentry2.o(.ARM.Collect$$rtentry$$00000008) for .ARM.Collect$$rtentry$$00000008
    __rtentry2.o(.ARM.exidx) refers to __rtentry2.o(.ARM.Collect$$rtentry$$0000000A) for .ARM.Collect$$rtentry$$0000000A
    __rtentry2.o(.ARM.exidx) refers to __rtentry2.o(.ARM.Collect$$rtentry$$0000000B) for .ARM.Collect$$rtentry$$0000000B
    __rtentry2.o(.ARM.exidx) refers to __rtentry2.o(.ARM.Collect$$rtentry$$0000000D) for .ARM.Collect$$rtentry$$0000000D
    __rtentry4.o(.ARM.Collect$$rtentry$$00000004) refers to sys_stackheap_outer.o(.text) for __user_setup_stackheap
    __rtentry4.o(.ARM.exidx) refers to __rtentry4.o(.ARM.Collect$$rtentry$$00000004) for .ARM.Collect$$rtentry$$00000004
    sys_stackheap_outer.o(.text) refers to libspace.o(.text) for __user_perproc_libspace
    sys_stackheap_outer.o(.text) refers to startup.o(.text) for __user_initial_stackheap
    exit.o(.text) refers to rtexit.o(.ARM.Collect$$rtexit$$00000000) for __rt_exit
    libinit.o(.ARM.Collect$$libinit$$00000000) refers (Special) to libinit2.o(.ARM.Collect$$libinit$$0000002E) for __rt_lib_init_alloca_1
    libinit.o(.ARM.Collect$$libinit$$00000000) refers (Special) to libinit2.o(.ARM.Collect$$libinit$$0000002C) for __rt_lib_init_argv_1
    libinit.o(.ARM.Collect$$libinit$$00000000) refers (Special) to libinit2.o(.ARM.Collect$$libinit$$0000001B) for __rt_lib_init_atexit_1
    libinit.o(.ARM.Collect$$libinit$$00000000) refers (Special) to libinit2.o(.ARM.Collect$$libinit$$00000021) for __rt_lib_init_clock_1
    libinit.o(.ARM.Collect$$libinit$$00000000) refers (Special) to libinit2.o(.ARM.Collect$$libinit$$00000032) for __rt_lib_init_cpp_1
    libinit.o(.ARM.Collect$$libinit$$00000000) refers (Special) to libinit2.o(.ARM.Collect$$libinit$$00000030) for __rt_lib_init_exceptions_1
    libinit.o(.ARM.Collect$$libinit$$00000000) refers (Special) to libinit2.o(.ARM.Collect$$libinit$$00000002) for __rt_lib_init_fp_1
    libinit.o(.ARM.Collect$$libinit$$00000000) refers (Special) to libinit2.o(.ARM.Collect$$libinit$$0000001F) for __rt_lib_init_fp_trap_1
    libinit.o(.ARM.Collect$$libinit$$00000000) refers (Special) to libinit2.o(.ARM.Collect$$libinit$$00000023) for __rt_lib_init_getenv_1
    libinit.o(.ARM.Collect$$libinit$$00000000) refers (Special) to libinit2.o(.ARM.Collect$$libinit$$0000000A) for __rt_lib_init_heap_1
    libinit.o(.ARM.Collect$$libinit$$00000000) refers (Special) to libinit2.o(.ARM.Collect$$libinit$$00000011) for __rt_lib_init_lc_collate_1
    libinit.o(.ARM.Collect$$libinit$$00000000) refers (Special) to libinit2.o(.ARM.Collect$$libinit$$00000013) for __rt_lib_init_lc_ctype_1
    libinit.o(.ARM.Collect$$libinit$$00000000) refers (Special) to libinit2.o(.ARM.Collect$$libinit$$00000015) for __rt_lib_init_lc_monetary_1
    libinit.o(.ARM.Collect$$libinit$$00000000) refers (Special) to libinit2.o(.ARM.Collect$$libinit$$00000017) for __rt_lib_init_lc_numeric_1
    libinit.o(.ARM.Collect$$libinit$$00000000) refers (Special) to libinit2.o(.ARM.Collect$$libinit$$00000019) for __rt_lib_init_lc_time_1
    libinit.o(.ARM.Collect$$libinit$$00000000) refers (Special) to libinit2.o(.ARM.Collect$$libinit$$00000004) for __rt_lib_init_preinit_1
    libinit.o(.ARM.Collect$$libinit$$00000000) refers (Special) to libinit2.o(.ARM.Collect$$libinit$$0000000E) for __rt_lib_init_rand_1
    libinit.o(.ARM.Collect$$libinit$$00000000) refers (Special) to libinit2.o(.ARM.Collect$$libinit$$00000033) for __rt_lib_init_return
    libinit.o(.ARM.Collect$$libinit$$00000000) refers (Special) to libinit2.o(.ARM.Collect$$libinit$$0000001D) for __rt_lib_init_signal_1
    libinit.o(.ARM.Collect$$libinit$$00000000) refers (Special) to libinit2.o(.ARM.Collect$$libinit$$00000025) for __rt_lib_init_stdio_1
    libinit.o(.ARM.Collect$$libinit$$00000000) refers (Special) to libinit2.o(.ARM.Collect$$libinit$$0000000C) for __rt_lib_init_user_alloc_1
    libspace.o(.text) refers to libspace.o(.bss) for __libspace_start
    rtexit.o(.ARM.Collect$$rtexit$$00000000) refers (Special) to rtexit2.o(.ARM.Collect$$rtexit$$00000004) for __rt_exit_exit
    rtexit.o(.ARM.Collect$$rtexit$$00000000) refers (Special) to rtexit2.o(.ARM.Collect$$rtexit$$00000003) for __rt_exit_ls
    rtexit.o(.ARM.Collect$$rtexit$$00000000) refers (Special) to rtexit2.o(.ARM.Collect$$rtexit$$00000002) for __rt_exit_prels_1
    rtexit.o(.ARM.exidx) refers (Special) to rtexit2.o(.ARM.Collect$$rtexit$$00000004) for __rt_exit_exit
    rtexit.o(.ARM.exidx) refers (Special) to rtexit2.o(.ARM.Collect$$rtexit$$00000003) for __rt_exit_ls
    rtexit.o(.ARM.exidx) refers (Special) to rtexit2.o(.ARM.Collect$$rtexit$$00000002) for __rt_exit_prels_1
    rtexit.o(.ARM.exidx) refers to rtexit.o(.ARM.Collect$$rtexit$$00000000) for .ARM.Collect$$rtexit$$00000000
    libinit2.o(.ARM.Collect$$libinit$$00000010) refers to libinit2.o(.ARM.Collect$$libinit$$0000000F) for .ARM.Collect$$libinit$$0000000F
    libinit2.o(.ARM.Collect$$libinit$$00000012) refers to libinit2.o(.ARM.Collect$$libinit$$0000000F) for .ARM.Collect$$libinit$$0000000F
    libinit2.o(.ARM.Collect$$libinit$$00000014) refers to libinit2.o(.ARM.Collect$$libinit$$0000000F) for .ARM.Collect$$libinit$$0000000F
    libinit2.o(.ARM.Collect$$libinit$$00000016) refers to libinit2.o(.ARM.Collect$$libinit$$0000000F) for .ARM.Collect$$libinit$$0000000F
    libinit2.o(.ARM.Collect$$libinit$$00000018) refers to libinit2.o(.ARM.Collect$$libinit$$0000000F) for .ARM.Collect$$libinit$$0000000F
    libinit2.o(.ARM.Collect$$libinit$$00000026) refers to argv_veneer.o(.emb_text) for __ARM_argv_veneer
    libinit2.o(.ARM.Collect$$libinit$$00000027) refers to argv_veneer.o(.emb_text) for __ARM_argv_veneer
    rtexit2.o(.ARM.Collect$$rtexit$$00000003) refers to libshutdown.o(.ARM.Collect$$libshutdown$$00000000) for __rt_lib_shutdown
    rtexit2.o(.ARM.Collect$$rtexit$$00000004) refers to sys_exit.o(.text) for _sys_exit
    rtexit2.o(.ARM.exidx) refers to rtexit2.o(.ARM.Collect$$rtexit$$00000001) for .ARM.Collect$$rtexit$$00000001
    rtexit2.o(.ARM.exidx) refers to rtexit2.o(.ARM.Collect$$rtexit$$00000003) for .ARM.Collect$$rtexit$$00000003
    rtexit2.o(.ARM.exidx) refers to rtexit2.o(.ARM.Collect$$rtexit$$00000004) for .ARM.Collect$$rtexit$$00000004
    argv_veneer.o(.emb_text) refers to no_argv.o(.text) for __ARM_get_argv
    sys_exit.o(.text) refers (Special) to use_no_semi.o(.text) for __I$use$semihosting
    sys_exit.o(.text) refers (Special) to indicate_semi.o(.text) for __semihosting_library_function
    _get_argv_nomalloc.o(.text) refers (Special) to hrguard.o(.text) for __heap_region$guard
    _get_argv_nomalloc.o(.text) refers to defsig_rtmem_outer.o(.text) for __rt_SIGRTMEM
    _get_argv_nomalloc.o(.text) refers to sys_command.o(.text) for _sys_command_string
    libshutdown.o(.ARM.Collect$$libshutdown$$00000000) refers (Special) to libshutdown2.o(.ARM.Collect$$libshutdown$$00000004) for __rt_lib_shutdown_cpp_1
    libshutdown.o(.ARM.Collect$$libshutdown$$00000000) refers (Special) to libshutdown2.o(.ARM.Collect$$libshutdown$$00000002) for __rt_lib_shutdown_fini_1
    libshutdown.o(.ARM.Collect$$libshutdown$$00000000) refers (Special) to libshutdown2.o(.ARM.Collect$$libshutdown$$00000009) for __rt_lib_shutdown_fp_trap_1
    libshutdown.o(.ARM.Collect$$libshutdown$$00000000) refers (Special) to libshutdown2.o(.ARM.Collect$$libshutdown$$00000011) for __rt_lib_shutdown_heap_1
    libshutdown.o(.ARM.Collect$$libshutdown$$00000000) refers (Special) to libshutdown2.o(.ARM.Collect$$libshutdown$$00000012) for __rt_lib_shutdown_return
    libshutdown.o(.ARM.Collect$$libshutdown$$00000000) refers (Special) to libshutdown2.o(.ARM.Collect$$libshutdown$$0000000C) for __rt_lib_shutdown_signal_1
    libshutdown.o(.ARM.Collect$$libshutdown$$00000000) refers (Special) to libshutdown2.o(.ARM.Collect$$libshutdown$$00000006) for __rt_lib_shutdown_stdio_1
    libshutdown.o(.ARM.Collect$$libshutdown$$00000000) refers (Special) to libshutdown2.o(.ARM.Collect$$libshutdown$$0000000E) for __rt_lib_shutdown_user_alloc_1
    sys_command.o(.text) refers (Special) to use_no_semi.o(.text) for __I$use$semihosting
    sys_command.o(.text) refers (Special) to indicate_semi.o(.text) for __semihosting_library_function
    defsig_rtmem_outer.o(.text) refers to defsig_rtmem_inner.o(.text) for __rt_SIGRTMEM_inner
    defsig_rtmem_outer.o(.text) refers to defsig_exit.o(.text) for __sig_exit
    defsig_rtmem_formal.o(.text) refers to rt_raise.o(.text) for __rt_raise
    rt_raise.o(.text) refers to __raise.o(.text) for __raise
    rt_raise.o(.text) refers to sys_exit.o(.text) for _sys_exit
    defsig_exit.o(.text) refers to sys_exit.o(.text) for _sys_exit
    defsig_rtmem_inner.o(.text) refers to defsig_general.o(.text) for __default_signal_display
    __raise.o(.text) refers to defsig.o(CL$$defsig) for __default_signal_handler
    defsig_general.o(.text) refers to sys_wrch.o(.text) for _ttywrch
    sys_wrch.o(.text) refers (Special) to use_no_semi.o(.text) for __I$use$semihosting
    sys_wrch.o(.text) refers (Special) to indicate_semi.o(.text) for __semihosting_library_function
    defsig.o(CL$$defsig) refers to defsig_rtmem_inner.o(.text) for __rt_SIGRTMEM_inner
    defsig_abrt_inner.o(.text) refers to defsig_general.o(.text) for __default_signal_display
    defsig_fpe_inner.o(.text) refers to defsig_general.o(.text) for __default_signal_display
    defsig_rtred_inner.o(.text) refers to defsig_general.o(.text) for __default_signal_display
    defsig_stak_inner.o(.text) refers to defsig_general.o(.text) for __default_signal_display
    defsig_pvfn_inner.o(.text) refers to defsig_general.o(.text) for __default_signal_display
    defsig_cppl_inner.o(.text) refers to defsig_general.o(.text) for __default_signal_display
    defsig_segv_inner.o(.text) refers to defsig_general.o(.text) for __default_signal_display
    defsig_other.o(.text) refers to defsig_general.o(.text) for __default_signal_display


==============================================================================

Removing Unused input sections from the image.

    Removing hc-sr04.o(.constdata), (8 bytes).
    Removing speaker.o(.constdata), (112 bytes).
    Removing speaker.o(.data), (12 bytes).

3 unused section(s) (total 132 bytes) removed from the image.

==============================================================================

Image Symbol Table

    Local Symbols

    Symbol Name                              Value     Ov Type        Size  Object(Section)

    RESET                                    0x00000000   Section      644  startup.o(RESET)
    ../clib/angel/boardlib.s                 0x00000000   Number         0  boardshut.o ABSOLUTE
    ../clib/angel/boardlib.s                 0x00000000   Number         0  boardinit1.o ABSOLUTE
    ../clib/angel/boardlib.s                 0x00000000   Number         0  boardinit2.o ABSOLUTE
    ../clib/angel/boardlib.s                 0x00000000   Number         0  boardinit3.o ABSOLUTE
    ../clib/angel/handlers.s                 0x00000000   Number         0  __scatter_zi.o ABSOLUTE
    ../clib/angel/handlers.s                 0x00000000   Number         0  __scatter_copy.o ABSOLUTE
    ../clib/angel/kernel.s                   0x00000000   Number         0  __rtentry2.o ABSOLUTE
    ../clib/angel/kernel.s                   0x00000000   Number         0  rtexit.o ABSOLUTE
    ../clib/angel/kernel.s                   0x00000000   Number         0  rtexit2.o ABSOLUTE
    ../clib/angel/kernel.s                   0x00000000   Number         0  __rtentry4.o ABSOLUTE
    ../clib/angel/kernel.s                   0x00000000   Number         0  __rtentry.o ABSOLUTE
    ../clib/angel/rt.s                       0x00000000   Number         0  rt_raise.o ABSOLUTE
    ../clib/angel/scatter.s                  0x00000000   Number         0  __scatter.o ABSOLUTE
    ../clib/angel/startup.s                  0x00000000   Number         0  __main.o ABSOLUTE
    ../clib/angel/sys.s                      0x00000000   Number         0  use_no_semi.o ABSOLUTE
    ../clib/angel/sys.s                      0x00000000   Number         0  sys_stackheap_outer.o ABSOLUTE
    ../clib/angel/sys.s                      0x00000000   Number         0  libspace.o ABSOLUTE
    ../clib/angel/sys.s                      0x00000000   Number         0  indicate_semi.o ABSOLUTE
    ../clib/angel/sysapp.c                   0x00000000   Number         0  sys_wrch.o ABSOLUTE
    ../clib/angel/sysapp.c                   0x00000000   Number         0  sys_command.o ABSOLUTE
    ../clib/angel/sysapp.c                   0x00000000   Number         0  sys_exit.o ABSOLUTE
    ../clib/armsys.c                         0x00000000   Number         0  _get_argv_nomalloc.o ABSOLUTE
    ../clib/armsys.c                         0x00000000   Number         0  no_argv.o ABSOLUTE
    ../clib/armsys.c                         0x00000000   Number         0  argv_veneer.o ABSOLUTE
    ../clib/armsys.c                         0x00000000   Number         0  argv_veneer.o ABSOLUTE
    ../clib/heapalloc.c                      0x00000000   Number         0  hrguard.o ABSOLUTE
    ../clib/heapaux.c                        0x00000000   Number         0  heapauxi.o ABSOLUTE
    ../clib/libinit.s                        0x00000000   Number         0  libshutdown.o ABSOLUTE
    ../clib/libinit.s                        0x00000000   Number         0  libinit.o ABSOLUTE
    ../clib/libinit.s                        0x00000000   Number         0  libinit2.o ABSOLUTE
    ../clib/libinit.s                        0x00000000   Number         0  libshutdown2.o ABSOLUTE
    ../clib/memcpset.s                       0x00000000   Number         0  rt_memclr_w.o ABSOLUTE
    ../clib/printf.c                         0x00000000   Number         0  __printf_nopercent.o ABSOLUTE
    ../clib/printf.c                         0x00000000   Number         0  _sputc.o ABSOLUTE
    ../clib/printf.c                         0x00000000   Number         0  __printf_ss_wp.o ABSOLUTE
    ../clib/printf.c                         0x00000000   Number         0  _printf_char_common.o ABSOLUTE
    ../clib/printf.c                         0x00000000   Number         0  __2sprintf.o ABSOLUTE
    ../clib/printf.c                         0x00000000   Number         0  _printf_intcommon.o ABSOLUTE
    ../clib/printf.c                         0x00000000   Number         0  __printf.o ABSOLUTE
    ../clib/printf.c                         0x00000000   Number         0  _printf_dec.o ABSOLUTE
    ../clib/printf.c                         0x00000000   Number         0  __printf_flags.o ABSOLUTE
    ../clib/printf.c                         0x00000000   Number         0  __printf_ss.o ABSOLUTE
    ../clib/printf.c                         0x00000000   Number         0  noretval__2sprintf.o ABSOLUTE
    ../clib/printf.c                         0x00000000   Number         0  __printf_wp.o ABSOLUTE
    ../clib/printf.c                         0x00000000   Number         0  __printf_flags_wp.o ABSOLUTE
    ../clib/printf.c                         0x00000000   Number         0  __printf_flags_ss_wp.o ABSOLUTE
    ../clib/printf.c                         0x00000000   Number         0  __printf_flags_ss.o ABSOLUTE
    ../clib/printf_percent.s                 0x00000000   Number         0  _printf_d.o ABSOLUTE
    ../clib/printf_percent.s                 0x00000000   Number         0  _printf_percent_end.o ABSOLUTE
    ../clib/printf_percent.s                 0x00000000   Number         0  _printf_percent.o ABSOLUTE
    ../clib/signal.c                         0x00000000   Number         0  defsig_exit.o ABSOLUTE
    ../clib/signal.c                         0x00000000   Number         0  defsig_rtmem_formal.o ABSOLUTE
    ../clib/signal.c                         0x00000000   Number         0  defsig_fpe_inner.o ABSOLUTE
    ../clib/signal.c                         0x00000000   Number         0  defsig_rtmem_outer.o ABSOLUTE
    ../clib/signal.c                         0x00000000   Number         0  defsig_segv_inner.o ABSOLUTE
    ../clib/signal.c                         0x00000000   Number         0  defsig_rtred_inner.o ABSOLUTE
    ../clib/signal.c                         0x00000000   Number         0  defsig_stak_inner.o ABSOLUTE
    ../clib/signal.c                         0x00000000   Number         0  defsig_pvfn_inner.o ABSOLUTE
    ../clib/signal.c                         0x00000000   Number         0  defsig_rtmem_inner.o ABSOLUTE
    ../clib/signal.c                         0x00000000   Number         0  defsig_cppl_inner.o ABSOLUTE
    ../clib/signal.c                         0x00000000   Number         0  defsig_other.o ABSOLUTE
    ../clib/signal.c                         0x00000000   Number         0  __raise.o ABSOLUTE
    ../clib/signal.c                         0x00000000   Number         0  defsig_general.o ABSOLUTE
    ../clib/signal.c                         0x00000000   Number         0  defsig_abrt_inner.o ABSOLUTE
    ../clib/signal.s                         0x00000000   Number         0  defsig.o ABSOLUTE
    ../clib/stdlib.c                         0x00000000   Number         0  exit.o ABSOLUTE
    ../fplib/daddsub.s                       0x00000000   Number         0  daddsub_clz.o ABSOLUTE
    ../fplib/dcmpi.s                         0x00000000   Number         0  dcmpi.o ABSOLUTE
    ../fplib/dfix.s                          0x00000000   Number         0  dfix.o ABSOLUTE
    ../fplib/dflt.s                          0x00000000   Number         0  dflt_clz.o ABSOLUTE
    ../fplib/dleqf.s                         0x00000000   Number         0  dleqf.o ABSOLUTE
    ../fplib/dmul.s                          0x00000000   Number         0  dmul.o ABSOLUTE
    ../fplib/dnaninf.s                       0x00000000   Number         0  dnaninf.o ABSOLUTE
    ../fplib/dretinf.s                       0x00000000   Number         0  dretinf.o ABSOLUTE
    ../fplib/drleqf.s                        0x00000000   Number         0  drleqf.o ABSOLUTE
    ../fplib/drnd.s                          0x00000000   Number         0  drnd.o ABSOLUTE
    ../fplib/fpinit.s                        0x00000000   Number         0  fpinit.o ABSOLUTE
    ../fplib/usenofp.s                       0x00000000   Number         0  usenofp.o ABSOLUTE
    ../mathlib/round.c                       0x00000000   Number         0  round.o ABSOLUTE
    Sound.c                                  0x00000000   Number         0  sound.o ABSOLUTE
    Speaker.c                                0x00000000   Number         0  speaker.o ABSOLUTE
    UART.c                                   0x00000000   Number         0  uart.o ABSOLUTE
    dc.s                                     0x00000000   Number         0  dc.o ABSOLUTE
    hc-sr04.c                                0x00000000   Number         0  hc-sr04.o ABSOLUTE
    main.c                                   0x00000000   Number         0  main.o ABSOLUTE
    startup.s                                0x00000000   Number         0  startup.o ABSOLUTE
    !!!main                                  0x00000284   Section        8  __main.o(!!!main)
    !!!scatter                               0x0000028c   Section       52  __scatter.o(!!!scatter)
    !!handler_copy                           0x000002c0   Section       26  __scatter_copy.o(!!handler_copy)
    !!handler_zi                             0x000002dc   Section       28  __scatter_zi.o(!!handler_zi)
    .ARM.Collect$$_printf_percent$$00000000  0x000002f8   Section        0  _printf_percent.o(.ARM.Collect$$_printf_percent$$00000000)
    .ARM.Collect$$_printf_percent$$00000009  0x000002f8   Section        6  _printf_d.o(.ARM.Collect$$_printf_percent$$00000009)
    .ARM.Collect$$_printf_percent$$00000017  0x000002fe   Section        4  _printf_percent_end.o(.ARM.Collect$$_printf_percent$$00000017)
    .ARM.Collect$$libinit$$00000000          0x00000302   Section        2  libinit.o(.ARM.Collect$$libinit$$00000000)
    .ARM.Collect$$libinit$$00000002          0x00000304   Section        0  libinit2.o(.ARM.Collect$$libinit$$00000002)
    .ARM.Collect$$libinit$$00000004          0x00000304   Section        0  libinit2.o(.ARM.Collect$$libinit$$00000004)
    .ARM.Collect$$libinit$$0000000A          0x00000304   Section        0  libinit2.o(.ARM.Collect$$libinit$$0000000A)
    .ARM.Collect$$libinit$$0000000C          0x00000304   Section        0  libinit2.o(.ARM.Collect$$libinit$$0000000C)
    .ARM.Collect$$libinit$$0000000E          0x00000304   Section        0  libinit2.o(.ARM.Collect$$libinit$$0000000E)
    .ARM.Collect$$libinit$$00000011          0x00000304   Section        0  libinit2.o(.ARM.Collect$$libinit$$00000011)
    .ARM.Collect$$libinit$$00000013          0x00000304   Section        0  libinit2.o(.ARM.Collect$$libinit$$00000013)
    .ARM.Collect$$libinit$$00000015          0x00000304   Section        0  libinit2.o(.ARM.Collect$$libinit$$00000015)
    .ARM.Collect$$libinit$$00000017          0x00000304   Section        0  libinit2.o(.ARM.Collect$$libinit$$00000017)
    .ARM.Collect$$libinit$$00000019          0x00000304   Section        0  libinit2.o(.ARM.Collect$$libinit$$00000019)
    .ARM.Collect$$libinit$$0000001B          0x00000304   Section        0  libinit2.o(.ARM.Collect$$libinit$$0000001B)
    .ARM.Collect$$libinit$$0000001D          0x00000304   Section        0  libinit2.o(.ARM.Collect$$libinit$$0000001D)
    .ARM.Collect$$libinit$$0000001F          0x00000304   Section        0  libinit2.o(.ARM.Collect$$libinit$$0000001F)
    .ARM.Collect$$libinit$$00000021          0x00000304   Section        0  libinit2.o(.ARM.Collect$$libinit$$00000021)
    .ARM.Collect$$libinit$$00000023          0x00000304   Section        0  libinit2.o(.ARM.Collect$$libinit$$00000023)
    .ARM.Collect$$libinit$$00000025          0x00000304   Section        0  libinit2.o(.ARM.Collect$$libinit$$00000025)
    .ARM.Collect$$libinit$$0000002C          0x00000304   Section        0  libinit2.o(.ARM.Collect$$libinit$$0000002C)
    .ARM.Collect$$libinit$$0000002E          0x00000304   Section        0  libinit2.o(.ARM.Collect$$libinit$$0000002E)
    .ARM.Collect$$libinit$$00000030          0x00000304   Section        0  libinit2.o(.ARM.Collect$$libinit$$00000030)
    .ARM.Collect$$libinit$$00000032          0x00000304   Section        0  libinit2.o(.ARM.Collect$$libinit$$00000032)
    .ARM.Collect$$libinit$$00000033          0x00000304   Section        2  libinit2.o(.ARM.Collect$$libinit$$00000033)
    .ARM.Collect$$libshutdown$$00000000      0x00000306   Section        2  libshutdown.o(.ARM.Collect$$libshutdown$$00000000)
    .ARM.Collect$$libshutdown$$00000002      0x00000308   Section        0  libshutdown2.o(.ARM.Collect$$libshutdown$$00000002)
    .ARM.Collect$$libshutdown$$00000004      0x00000308   Section        0  libshutdown2.o(.ARM.Collect$$libshutdown$$00000004)
    .ARM.Collect$$libshutdown$$00000006      0x00000308   Section        0  libshutdown2.o(.ARM.Collect$$libshutdown$$00000006)
    .ARM.Collect$$libshutdown$$00000009      0x00000308   Section        0  libshutdown2.o(.ARM.Collect$$libshutdown$$00000009)
    .ARM.Collect$$libshutdown$$0000000C      0x00000308   Section        0  libshutdown2.o(.ARM.Collect$$libshutdown$$0000000C)
    .ARM.Collect$$libshutdown$$0000000E      0x00000308   Section        0  libshutdown2.o(.ARM.Collect$$libshutdown$$0000000E)
    .ARM.Collect$$libshutdown$$00000011      0x00000308   Section        0  libshutdown2.o(.ARM.Collect$$libshutdown$$00000011)
    .ARM.Collect$$libshutdown$$00000012      0x00000308   Section        2  libshutdown2.o(.ARM.Collect$$libshutdown$$00000012)
    .ARM.Collect$$rtentry$$00000000          0x0000030a   Section        0  __rtentry.o(.ARM.Collect$$rtentry$$00000000)
    .ARM.Collect$$rtentry$$00000002          0x0000030a   Section        0  __rtentry2.o(.ARM.Collect$$rtentry$$00000002)
    .ARM.Collect$$rtentry$$00000004          0x0000030a   Section        6  __rtentry4.o(.ARM.Collect$$rtentry$$00000004)
    .ARM.Collect$$rtentry$$00000009          0x00000310   Section        0  __rtentry2.o(.ARM.Collect$$rtentry$$00000009)
    .ARM.Collect$$rtentry$$0000000A          0x00000310   Section        4  __rtentry2.o(.ARM.Collect$$rtentry$$0000000A)
    .ARM.Collect$$rtentry$$0000000C          0x00000314   Section        0  __rtentry2.o(.ARM.Collect$$rtentry$$0000000C)
    .ARM.Collect$$rtentry$$0000000D          0x00000314   Section        8  __rtentry2.o(.ARM.Collect$$rtentry$$0000000D)
    .ARM.Collect$$rtexit$$00000000           0x0000031c   Section        2  rtexit.o(.ARM.Collect$$rtexit$$00000000)
    .ARM.Collect$$rtexit$$00000002           0x0000031e   Section        0  rtexit2.o(.ARM.Collect$$rtexit$$00000002)
    .ARM.Collect$$rtexit$$00000003           0x0000031e   Section        4  rtexit2.o(.ARM.Collect$$rtexit$$00000003)
    .ARM.Collect$$rtexit$$00000004           0x00000322   Section        6  rtexit2.o(.ARM.Collect$$rtexit$$00000004)
    .text                                    0x00000328   Section       48  startup.o(.text)
    .text                                    0x00000358   Section        0  main.o(.text)
    .text                                    0x00000478   Section        0  hc-sr04.o(.text)
    .text                                    0x00000af0   Section        0  uart.o(.text)
    .text                                    0x00000db4   Section        0  sound.o(.text)
    .text                                    0x00000e40   Section        0  speaker.o(.text)
    .text                                    0x000012e8   Section        0  noretval__2sprintf.o(.text)
    .text                                    0x00001310   Section        0  __printf.o(.text)
    .text                                    0x00001378   Section        0  _printf_dec.o(.text)
    .text                                    0x000013f0   Section       78  rt_memclr_w.o(.text)
    .text                                    0x0000143e   Section        0  heapauxi.o(.text)
    .text                                    0x00001444   Section        0  _printf_intcommon.o(.text)
    .text                                    0x000014f8   Section        0  _printf_char_common.o(.text)
    _printf_input_char                       0x000014f9   Thumb Code    10  _printf_char_common.o(.text)
    .text                                    0x00001528   Section        0  _sputc.o(.text)
    .text                                    0x00001532   Section       74  sys_stackheap_outer.o(.text)
    .text                                    0x0000157c   Section        0  exit.o(.text)
    .text                                    0x00001590   Section        8  libspace.o(.text)
    .text                                    0x00001598   Section        0  sys_exit.o(.text)
    .text                                    0x000015a4   Section        2  use_no_semi.o(.text)
    .text                                    0x000015a6   Section        0  indicate_semi.o(.text)
    i.round                                  0x000015a8   Section        0  round.o(i.round)
    x$fpl$dadd                               0x0000163c   Section      336  daddsub_clz.o(x$fpl$dadd)
    _dadd1                                   0x0000164d   Thumb Code     0  daddsub_clz.o(x$fpl$dadd)
    x$fpl$dcmpinf                            0x0000178c   Section       24  dcmpi.o(x$fpl$dcmpinf)
    x$fpl$dfix                               0x000017a4   Section       94  dfix.o(x$fpl$dfix)
    x$fpl$dfltu                              0x00001802   Section       38  dflt_clz.o(x$fpl$dfltu)
    x$fpl$dleqf                              0x00001828   Section      120  dleqf.o(x$fpl$dleqf)
    x$fpl$dmul                               0x000018a0   Section      340  dmul.o(x$fpl$dmul)
    x$fpl$dnaninf                            0x000019f4   Section      156  dnaninf.o(x$fpl$dnaninf)
    x$fpl$dretinf                            0x00001a90   Section       12  dretinf.o(x$fpl$dretinf)
    x$fpl$drleqf                             0x00001a9c   Section      108  drleqf.o(x$fpl$drleqf)
    x$fpl$drnd                               0x00001b08   Section      180  drnd.o(x$fpl$drnd)
    x$fpl$drsb                               0x00001bbc   Section       22  daddsub_clz.o(x$fpl$drsb)
    x$fpl$dsub                               0x00001bd4   Section      468  daddsub_clz.o(x$fpl$dsub)
    _dsub1                                   0x00001be5   Thumb Code     0  daddsub_clz.o(x$fpl$dsub)
    .constdata                               0x00001da8   Section       64  sound.o(.constdata)
    x$fpl$usenofp                            0x00001da8   Section        0  usenofp.o(x$fpl$usenofp)
    .data                                    0x20000000   Section        8  sound.o(.data)
    .bss                                     0x20000008   Section       96  libspace.o(.bss)
    HEAP                                     0x20000068   Section        0  startup.o(HEAP)
    STACK                                    0x20000068   Section     1024  startup.o(STACK)
    HeapMem                                  0x20000068   Data           0  startup.o(HEAP)
    StackMem                                 0x20000068   Data           0  startup.o(STACK)

    Global Symbols

    Symbol Name                              Value     Ov Type        Size  Object(Section)

    BuildAttributes$$THM_ISAv4$E$P$D$K$B$S$7EM$PE$A:L22UL41UL21$X:L11$S22US41US21$IEEE1$IW$USESV6$~STKCKD$USESV7$~SHL$OTIME$ROPI$IEEEJ$EBA8$UX$STANDARDLIB$REQ8$PRES8$EABIv2 0x00000000   Number         0  anon$$obj.o ABSOLUTE
    __ARM_use_no_argv                        0x00000000   Number         0  main.o ABSOLUTE
    __Vectors                                0x00000000   Data           0  startup.o(RESET)
    __ARM_exceptions_init                     - Undefined Weak Reference
    __alloca_initialize                       - Undefined Weak Reference
    __arm_fini_                               - Undefined Weak Reference
    __arm_preinit_                            - Undefined Weak Reference
    __cpp_initialize__aeabi_                  - Undefined Weak Reference
    __cxa_finalize                            - Undefined Weak Reference
    __rt_locale                               - Undefined Weak Reference
    __sigvec_lookup                           - Undefined Weak Reference
    _atexit_init                              - Undefined Weak Reference
    _call_atexit_fns                          - Undefined Weak Reference
    _clock_init                               - Undefined Weak Reference
    _fp_trap_init                             - Undefined Weak Reference
    _fp_trap_shutdown                         - Undefined Weak Reference
    _get_lc_collate                           - Undefined Weak Reference
    _get_lc_ctype                             - Undefined Weak Reference
    _get_lc_monetary                          - Undefined Weak Reference
    _get_lc_numeric                           - Undefined Weak Reference
    _get_lc_time                              - Undefined Weak Reference
    _getenv_init                              - Undefined Weak Reference
    _handle_redirection                       - Undefined Weak Reference
    _init_alloc                               - Undefined Weak Reference
    _init_user_alloc                          - Undefined Weak Reference
    _initio                                   - Undefined Weak Reference
    _printf_post_padding                      - Undefined Weak Reference
    _printf_pre_padding                       - Undefined Weak Reference
    _printf_truncate_signed                   - Undefined Weak Reference
    _printf_truncate_unsigned                 - Undefined Weak Reference
    _rand_init                                - Undefined Weak Reference
    _signal_finish                            - Undefined Weak Reference
    _signal_init                              - Undefined Weak Reference
    _terminate_alloc                          - Undefined Weak Reference
    _terminate_user_alloc                     - Undefined Weak Reference
    _terminateio                              - Undefined Weak Reference
    Reset_Handler                            0x0000026d   Thumb Code     0  startup.o(RESET)
    NMI_Handler                              0x00000271   Thumb Code     2  startup.o(RESET)
    HardFault_Handler                        0x00000273   Thumb Code     2  startup.o(RESET)
    MemManage_Handler                        0x00000275   Thumb Code     2  startup.o(RESET)
    BusFault_Handler                         0x00000277   Thumb Code     2  startup.o(RESET)
    UsageFault_Handler                       0x00000279   Thumb Code     2  startup.o(RESET)
    SVC_Handler                              0x0000027b   Thumb Code     2  startup.o(RESET)
    DebugMon_Handler                         0x0000027d   Thumb Code     2  startup.o(RESET)
    PendSV_Handler                           0x0000027f   Thumb Code     2  startup.o(RESET)
    ADC0Seq0_Handler                         0x00000283   Thumb Code     0  startup.o(RESET)
    ADC0Seq1_Handler                         0x00000283   Thumb Code     0  startup.o(RESET)
    ADC0Seq2_Handler                         0x00000283   Thumb Code     0  startup.o(RESET)
    ADC0Seq3_Handler                         0x00000283   Thumb Code     0  startup.o(RESET)
    ADC1Seq0_Handler                         0x00000283   Thumb Code     0  startup.o(RESET)
    ADC1Seq1_Handler                         0x00000283   Thumb Code     0  startup.o(RESET)
    ADC1Seq2_Handler                         0x00000283   Thumb Code     0  startup.o(RESET)
    ADC1Seq3_Handler                         0x00000283   Thumb Code     0  startup.o(RESET)
    CAN0_Handler                             0x00000283   Thumb Code     0  startup.o(RESET)
    CAN1_Handler                             0x00000283   Thumb Code     0  startup.o(RESET)
    CAN2_Handler                             0x00000283   Thumb Code     0  startup.o(RESET)
    Comp0_Handler                            0x00000283   Thumb Code     0  startup.o(RESET)
    Comp1_Handler                            0x00000283   Thumb Code     0  startup.o(RESET)
    Comp2_Handler                            0x00000283   Thumb Code     0  startup.o(RESET)
    Ethernet_Handler                         0x00000283   Thumb Code     0  startup.o(RESET)
    ExtBus_Handler                           0x00000283   Thumb Code     0  startup.o(RESET)
    FPU_Handler                              0x00000283   Thumb Code     0  startup.o(RESET)
    Fan0_Handler                             0x00000283   Thumb Code     0  startup.o(RESET)
    FlashCtl_Handler                         0x00000283   Thumb Code     0  startup.o(RESET)
    GPIOPortA_Handler                        0x00000283   Thumb Code     0  startup.o(RESET)
    GPIOPortB_Handler                        0x00000283   Thumb Code     0  startup.o(RESET)
    GPIOPortC_Handler                        0x00000283   Thumb Code     0  startup.o(RESET)
    GPIOPortD_Handler                        0x00000283   Thumb Code     0  startup.o(RESET)
    GPIOPortE_Handler                        0x00000283   Thumb Code     0  startup.o(RESET)
    GPIOPortF_Handler                        0x00000283   Thumb Code     0  startup.o(RESET)
    GPIOPortG_Handler                        0x00000283   Thumb Code     0  startup.o(RESET)
    GPIOPortH_Handler                        0x00000283   Thumb Code     0  startup.o(RESET)
    GPIOPortJ_Handler                        0x00000283   Thumb Code     0  startup.o(RESET)
    GPIOPortK_Handler                        0x00000283   Thumb Code     0  startup.o(RESET)
    GPIOPortL_Handler                        0x00000283   Thumb Code     0  startup.o(RESET)
    GPIOPortM_Handler                        0x00000283   Thumb Code     0  startup.o(RESET)
    GPIOPortN_Handler                        0x00000283   Thumb Code     0  startup.o(RESET)
    GPIOPortP1_Handler                       0x00000283   Thumb Code     0  startup.o(RESET)
    GPIOPortP2_Handler                       0x00000283   Thumb Code     0  startup.o(RESET)
    GPIOPortP3_Handler                       0x00000283   Thumb Code     0  startup.o(RESET)
    GPIOPortP4_Handler                       0x00000283   Thumb Code     0  startup.o(RESET)
    GPIOPortP5_Handler                       0x00000283   Thumb Code     0  startup.o(RESET)
    GPIOPortP6_Handler                       0x00000283   Thumb Code     0  startup.o(RESET)
    GPIOPortP7_Handler                       0x00000283   Thumb Code     0  startup.o(RESET)
    GPIOPortP_Handler                        0x00000283   Thumb Code     0  startup.o(RESET)
    GPIOPortQ1_Handler                       0x00000283   Thumb Code     0  startup.o(RESET)
    GPIOPortQ2_Handler                       0x00000283   Thumb Code     0  startup.o(RESET)
    GPIOPortQ3_Handler                       0x00000283   Thumb Code     0  startup.o(RESET)
    GPIOPortQ4_Handler                       0x00000283   Thumb Code     0  startup.o(RESET)
    GPIOPortQ5_Handler                       0x00000283   Thumb Code     0  startup.o(RESET)
    GPIOPortQ6_Handler                       0x00000283   Thumb Code     0  startup.o(RESET)
    GPIOPortQ7_Handler                       0x00000283   Thumb Code     0  startup.o(RESET)
    GPIOPortQ_Handler                        0x00000283   Thumb Code     0  startup.o(RESET)
    GPIOPortR_Handler                        0x00000283   Thumb Code     0  startup.o(RESET)
    GPIOPortS_Handler                        0x00000283   Thumb Code     0  startup.o(RESET)
    Hibernate_Handler                        0x00000283   Thumb Code     0  startup.o(RESET)
    I2C0_Handler                             0x00000283   Thumb Code     0  startup.o(RESET)
    I2C1_Handler                             0x00000283   Thumb Code     0  startup.o(RESET)
    I2C2_Handler                             0x00000283   Thumb Code     0  startup.o(RESET)
    I2C3_Handler                             0x00000283   Thumb Code     0  startup.o(RESET)
    I2C4_Handler                             0x00000283   Thumb Code     0  startup.o(RESET)
    I2C5_Handler                             0x00000283   Thumb Code     0  startup.o(RESET)
    I2S0_Handler                             0x00000283   Thumb Code     0  startup.o(RESET)
    LPC0_Handler                             0x00000283   Thumb Code     0  startup.o(RESET)
    PECI0_Handler                            0x00000283   Thumb Code     0  startup.o(RESET)
    PWM0Fault_Handler                        0x00000283   Thumb Code     0  startup.o(RESET)
    PWM0Generator0_Handler                   0x00000283   Thumb Code     0  startup.o(RESET)
    PWM0Generator1_Handler                   0x00000283   Thumb Code     0  startup.o(RESET)
    PWM0Generator2_Handler                   0x00000283   Thumb Code     0  startup.o(RESET)
    PWM0Generator3_Handler                   0x00000283   Thumb Code     0  startup.o(RESET)
    PWM1Fault_Handler                        0x00000283   Thumb Code     0  startup.o(RESET)
    PWM1Generator0_Handler                   0x00000283   Thumb Code     0  startup.o(RESET)
    PWM1Generator1_Handler                   0x00000283   Thumb Code     0  startup.o(RESET)
    PWM1Generator2_Handler                   0x00000283   Thumb Code     0  startup.o(RESET)
    PWM1Generator3_Handler                   0x00000283   Thumb Code     0  startup.o(RESET)
    Quadrature0_Handler                      0x00000283   Thumb Code     0  startup.o(RESET)
    Quadrature1_Handler                      0x00000283   Thumb Code     0  startup.o(RESET)
    Quadrature2_Handler                      0x00000283   Thumb Code     0  startup.o(RESET)
    SSI0_Handler                             0x00000283   Thumb Code     0  startup.o(RESET)
    SSI1_Handler                             0x00000283   Thumb Code     0  startup.o(RESET)
    SSI2_Handler                             0x00000283   Thumb Code     0  startup.o(RESET)
    SSI3_Handler                             0x00000283   Thumb Code     0  startup.o(RESET)
    SysCtl_Handler                           0x00000283   Thumb Code     0  startup.o(RESET)
    Timer0A_Handler                          0x00000283   Thumb Code     0  startup.o(RESET)
    Timer0B_Handler                          0x00000283   Thumb Code     0  startup.o(RESET)
    Timer1A_Handler                          0x00000283   Thumb Code     0  startup.o(RESET)
    Timer1B_Handler                          0x00000283   Thumb Code     0  startup.o(RESET)
    Timer2A_Handler                          0x00000283   Thumb Code     0  startup.o(RESET)
    Timer2B_Handler                          0x00000283   Thumb Code     0  startup.o(RESET)
    Timer3A_Handler                          0x00000283   Thumb Code     0  startup.o(RESET)
    Timer3B_Handler                          0x00000283   Thumb Code     0  startup.o(RESET)
    Timer4A_Handler                          0x00000283   Thumb Code     0  startup.o(RESET)
    Timer4B_Handler                          0x00000283   Thumb Code     0  startup.o(RESET)
    Timer5A_Handler                          0x00000283   Thumb Code     0  startup.o(RESET)
    Timer5B_Handler                          0x00000283   Thumb Code     0  startup.o(RESET)
    UART0_Handler                            0x00000283   Thumb Code     0  startup.o(RESET)
    UART1_Handler                            0x00000283   Thumb Code     0  startup.o(RESET)
    UART2_Handler                            0x00000283   Thumb Code     0  startup.o(RESET)
    UART3_Handler                            0x00000283   Thumb Code     0  startup.o(RESET)
    UART4_Handler                            0x00000283   Thumb Code     0  startup.o(RESET)
    UART5_Handler                            0x00000283   Thumb Code     0  startup.o(RESET)
    UART6_Handler                            0x00000283   Thumb Code     0  startup.o(RESET)
    UART7_Handler                            0x00000283   Thumb Code     0  startup.o(RESET)
    USB0_Handler                             0x00000283   Thumb Code     0  startup.o(RESET)
    WDT_Handler                              0x00000283   Thumb Code     0  startup.o(RESET)
    WideTimer0A_Handler                      0x00000283   Thumb Code     0  startup.o(RESET)
    WideTimer0B_Handler                      0x00000283   Thumb Code     0  startup.o(RESET)
    WideTimer1A_Handler                      0x00000283   Thumb Code     0  startup.o(RESET)
    WideTimer1B_Handler                      0x00000283   Thumb Code     0  startup.o(RESET)
    WideTimer2A_Handler                      0x00000283   Thumb Code     0  startup.o(RESET)
    WideTimer2B_Handler                      0x00000283   Thumb Code     0  startup.o(RESET)
    WideTimer3A_Handler                      0x00000283   Thumb Code     0  startup.o(RESET)
    WideTimer3B_Handler                      0x00000283   Thumb Code     0  startup.o(RESET)
    WideTimer4A_Handler                      0x00000283   Thumb Code     0  startup.o(RESET)
    WideTimer4B_Handler                      0x00000283   Thumb Code     0  startup.o(RESET)
    WideTimer5A_Handler                      0x00000283   Thumb Code     0  startup.o(RESET)
    WideTimer5B_Handler                      0x00000283   Thumb Code     0  startup.o(RESET)
    uDMA_Error                               0x00000283   Thumb Code     0  startup.o(RESET)
    uDMA_Handler                             0x00000283   Thumb Code     0  startup.o(RESET)
    __main                                   0x00000285   Thumb Code     8  __main.o(!!!main)
    __scatterload                            0x0000028d   Thumb Code     0  __scatter.o(!!!scatter)
    __scatterload_rt2                        0x0000028d   Thumb Code    44  __scatter.o(!!!scatter)
    __scatterload_rt2_thumb_only             0x0000028d   Thumb Code     0  __scatter.o(!!!scatter)
    __scatterload_null                       0x0000029b   Thumb Code     0  __scatter.o(!!!scatter)
    __scatterload_copy                       0x000002c1   Thumb Code    26  __scatter_copy.o(!!handler_copy)
    __scatterload_zeroinit                   0x000002dd   Thumb Code    28  __scatter_zi.o(!!handler_zi)
    _printf_d                                0x000002f9   Thumb Code     0  _printf_d.o(.ARM.Collect$$_printf_percent$$00000009)
    _printf_percent                          0x000002f9   Thumb Code     0  _printf_percent.o(.ARM.Collect$$_printf_percent$$00000000)
    _printf_percent_end                      0x000002ff   Thumb Code     0  _printf_percent_end.o(.ARM.Collect$$_printf_percent$$00000017)
    __rt_lib_init                            0x00000303   Thumb Code     0  libinit.o(.ARM.Collect$$libinit$$00000000)
    __rt_lib_init_alloca_1                   0x00000305   Thumb Code     0  libinit2.o(.ARM.Collect$$libinit$$0000002E)
    __rt_lib_init_argv_1                     0x00000305   Thumb Code     0  libinit2.o(.ARM.Collect$$libinit$$0000002C)
    __rt_lib_init_atexit_1                   0x00000305   Thumb Code     0  libinit2.o(.ARM.Collect$$libinit$$0000001B)
    __rt_lib_init_clock_1                    0x00000305   Thumb Code     0  libinit2.o(.ARM.Collect$$libinit$$00000021)
    __rt_lib_init_cpp_1                      0x00000305   Thumb Code     0  libinit2.o(.ARM.Collect$$libinit$$00000032)
    __rt_lib_init_exceptions_1               0x00000305   Thumb Code     0  libinit2.o(.ARM.Collect$$libinit$$00000030)
    __rt_lib_init_fp_1                       0x00000305   Thumb Code     0  libinit2.o(.ARM.Collect$$libinit$$00000002)
    __rt_lib_init_fp_trap_1                  0x00000305   Thumb Code     0  libinit2.o(.ARM.Collect$$libinit$$0000001F)
    __rt_lib_init_getenv_1                   0x00000305   Thumb Code     0  libinit2.o(.ARM.Collect$$libinit$$00000023)
    __rt_lib_init_heap_1                     0x00000305   Thumb Code     0  libinit2.o(.ARM.Collect$$libinit$$0000000A)
    __rt_lib_init_lc_collate_1               0x00000305   Thumb Code     0  libinit2.o(.ARM.Collect$$libinit$$00000011)
    __rt_lib_init_lc_ctype_1                 0x00000305   Thumb Code     0  libinit2.o(.ARM.Collect$$libinit$$00000013)
    __rt_lib_init_lc_monetary_1              0x00000305   Thumb Code     0  libinit2.o(.ARM.Collect$$libinit$$00000015)
    __rt_lib_init_lc_numeric_1               0x00000305   Thumb Code     0  libinit2.o(.ARM.Collect$$libinit$$00000017)
    __rt_lib_init_lc_time_1                  0x00000305   Thumb Code     0  libinit2.o(.ARM.Collect$$libinit$$00000019)
    __rt_lib_init_preinit_1                  0x00000305   Thumb Code     0  libinit2.o(.ARM.Collect$$libinit$$00000004)
    __rt_lib_init_rand_1                     0x00000305   Thumb Code     0  libinit2.o(.ARM.Collect$$libinit$$0000000E)
    __rt_lib_init_return                     0x00000305   Thumb Code     0  libinit2.o(.ARM.Collect$$libinit$$00000033)
    __rt_lib_init_signal_1                   0x00000305   Thumb Code     0  libinit2.o(.ARM.Collect$$libinit$$0000001D)
    __rt_lib_init_stdio_1                    0x00000305   Thumb Code     0  libinit2.o(.ARM.Collect$$libinit$$00000025)
    __rt_lib_init_user_alloc_1               0x00000305   Thumb Code     0  libinit2.o(.ARM.Collect$$libinit$$0000000C)
    __rt_lib_shutdown                        0x00000307   Thumb Code     0  libshutdown.o(.ARM.Collect$$libshutdown$$00000000)
    __rt_lib_shutdown_cpp_1                  0x00000309   Thumb Code     0  libshutdown2.o(.ARM.Collect$$libshutdown$$00000004)
    __rt_lib_shutdown_fini_1                 0x00000309   Thumb Code     0  libshutdown2.o(.ARM.Collect$$libshutdown$$00000002)
    __rt_lib_shutdown_fp_trap_1              0x00000309   Thumb Code     0  libshutdown2.o(.ARM.Collect$$libshutdown$$00000009)
    __rt_lib_shutdown_heap_1                 0x00000309   Thumb Code     0  libshutdown2.o(.ARM.Collect$$libshutdown$$00000011)
    __rt_lib_shutdown_return                 0x00000309   Thumb Code     0  libshutdown2.o(.ARM.Collect$$libshutdown$$00000012)
    __rt_lib_shutdown_signal_1               0x00000309   Thumb Code     0  libshutdown2.o(.ARM.Collect$$libshutdown$$0000000C)
    __rt_lib_shutdown_stdio_1                0x00000309   Thumb Code     0  libshutdown2.o(.ARM.Collect$$libshutdown$$00000006)
    __rt_lib_shutdown_user_alloc_1           0x00000309   Thumb Code     0  libshutdown2.o(.ARM.Collect$$libshutdown$$0000000E)
    __rt_entry                               0x0000030b   Thumb Code     0  __rtentry.o(.ARM.Collect$$rtentry$$00000000)
    __rt_entry_presh_1                       0x0000030b   Thumb Code     0  __rtentry2.o(.ARM.Collect$$rtentry$$00000002)
    __rt_entry_sh                            0x0000030b   Thumb Code     0  __rtentry4.o(.ARM.Collect$$rtentry$$00000004)
    __rt_entry_li                            0x00000311   Thumb Code     0  __rtentry2.o(.ARM.Collect$$rtentry$$0000000A)
    __rt_entry_postsh_1                      0x00000311   Thumb Code     0  __rtentry2.o(.ARM.Collect$$rtentry$$00000009)
    __rt_entry_main                          0x00000315   Thumb Code     0  __rtentry2.o(.ARM.Collect$$rtentry$$0000000D)
    __rt_entry_postli_1                      0x00000315   Thumb Code     0  __rtentry2.o(.ARM.Collect$$rtentry$$0000000C)
    __rt_exit                                0x0000031d   Thumb Code     0  rtexit.o(.ARM.Collect$$rtexit$$00000000)
    __rt_exit_ls                             0x0000031f   Thumb Code     0  rtexit2.o(.ARM.Collect$$rtexit$$00000003)
    __rt_exit_prels_1                        0x0000031f   Thumb Code     0  rtexit2.o(.ARM.Collect$$rtexit$$00000002)
    __rt_exit_exit                           0x00000323   Thumb Code     0  rtexit2.o(.ARM.Collect$$rtexit$$00000004)
    DisableInterrupts                        0x00000329   Thumb Code     0  startup.o(.text)
    EnableInterrupts                         0x0000032d   Thumb Code     0  startup.o(.text)
    StartCritical                            0x00000331   Thumb Code     0  startup.o(.text)
    EndCritical                              0x00000339   Thumb Code     0  startup.o(.text)
    WaitForInterrupt                         0x0000033f   Thumb Code     0  startup.o(.text)
    __user_initial_stackheap                 0x00000343   Thumb Code     0  startup.o(.text)
    OutCRLF                                  0x00000359   Thumb Code    16  main.o(.text)
    main                                     0x00000369   Thumb Code   202  main.o(.text)
    delay_Microsecond                        0x00000479   Thumb Code    76  hc-sr04.o(.text)
    measureDistanceOnce                      0x000004c5   Thumb Code   232  hc-sr04.o(.text)
    measureDistanceOnce1                     0x000005ad   Thumb Code   232  hc-sr04.o(.text)
    measureDistanceOnce2                     0x00000695   Thumb Code   232  hc-sr04.o(.text)
    measureD                                 0x0000077d   Thumb Code    76  hc-sr04.o(.text)
    InitRegisters                            0x000007c9   Thumb Code   228  hc-sr04.o(.text)
    OutSignal                                0x000008ad   Thumb Code   152  hc-sr04.o(.text)
    Timer0A_init                             0x00000945   Thumb Code   132  hc-sr04.o(.text)
    Timer2A_init                             0x000009c9   Thumb Code   132  hc-sr04.o(.text)
    Timer3A_init                             0x00000a4d   Thumb Code   132  hc-sr04.o(.text)
    UART0_Init                               0x00000af1   Thumb Code   118  uart.o(.text)
    UART1_Init                               0x00000b67   Thumb Code   134  uart.o(.text)
    UART0_InChar                             0x00000bed   Thumb Code    22  uart.o(.text)
    UART0_OutChar                            0x00000c03   Thumb Code    20  uart.o(.text)
    UART1_OutChar                            0x00000c17   Thumb Code    20  uart.o(.text)
    UART_OutString                           0x00000c2b   Thumb Code    22  uart.o(.text)
    UART_InUDec                              0x00000c41   Thumb Code    76  uart.o(.text)
    UART_OutUDec                             0x00000c8d   Thumb Code    42  uart.o(.text)
    UART_InUHex                              0x00000cb7   Thumb Code   104  uart.o(.text)
    UART_OutUHex                             0x00000d1f   Thumb Code    52  uart.o(.text)
    UART_InString                            0x00000d53   Thumb Code    66  uart.o(.text)
    Sound_Init                               0x00000db5   Thumb Code    58  sound.o(.text)
    Sound_Tone                               0x00000def   Thumb Code    14  sound.o(.text)
    Sound_Off                                0x00000dfd   Thumb Code    14  sound.o(.text)
    SysTick_Handler                          0x00000e0b   Thumb Code    36  sound.o(.text)
    Speaker_Init                             0x00000e41   Thumb Code    92  speaker.o(.text)
    DAC_Out                                  0x00000e9d   Thumb Code    24  speaker.o(.text)
    Speakers                                 0x00000eb5   Thumb Code     2  speaker.o(.text)
    OutSoundMiddle                           0x00000eb7   Thumb Code   348  speaker.o(.text)
    OutSoundLeft                             0x00001013   Thumb Code   348  speaker.o(.text)
    OutSoundRight                            0x0000116f   Thumb Code   364  speaker.o(.text)
    __2sprintf                               0x000012e9   Thumb Code    34  noretval__2sprintf.o(.text)
    __printf                                 0x00001311   Thumb Code   104  __printf.o(.text)
    _printf_int_dec                          0x00001379   Thumb Code   104  _printf_dec.o(.text)
    __aeabi_memclr4                          0x000013f1   Thumb Code     0  rt_memclr_w.o(.text)
    __aeabi_memclr8                          0x000013f1   Thumb Code     0  rt_memclr_w.o(.text)
    __rt_memclr_w                            0x000013f1   Thumb Code    78  rt_memclr_w.o(.text)
    _memset_w                                0x000013f5   Thumb Code     0  rt_memclr_w.o(.text)
    __use_two_region_memory                  0x0000143f   Thumb Code     2  heapauxi.o(.text)
    __rt_heap_escrow$2region                 0x00001441   Thumb Code     2  heapauxi.o(.text)
    __rt_heap_expand$2region                 0x00001443   Thumb Code     2  heapauxi.o(.text)
    _printf_int_common                       0x00001445   Thumb Code   178  _printf_intcommon.o(.text)
    _printf_char_common                      0x00001503   Thumb Code    32  _printf_char_common.o(.text)
    _sputc                                   0x00001529   Thumb Code    10  _sputc.o(.text)
    __user_setup_stackheap                   0x00001533   Thumb Code    74  sys_stackheap_outer.o(.text)
    exit                                     0x0000157d   Thumb Code    18  exit.o(.text)
    __user_libspace                          0x00001591   Thumb Code     8  libspace.o(.text)
    __user_perproc_libspace                  0x00001591   Thumb Code     0  libspace.o(.text)
    __user_perthread_libspace                0x00001591   Thumb Code     0  libspace.o(.text)
    _sys_exit                                0x00001599   Thumb Code     8  sys_exit.o(.text)
    __I$use$semihosting                      0x000015a5   Thumb Code     0  use_no_semi.o(.text)
    __use_no_semihosting_swi                 0x000015a5   Thumb Code     2  use_no_semi.o(.text)
    __semihosting_library_function           0x000015a7   Thumb Code     0  indicate_semi.o(.text)
    round                                    0x000015a9   Thumb Code   136  round.o(i.round)
    __aeabi_dadd                             0x0000163d   Thumb Code     0  daddsub_clz.o(x$fpl$dadd)
    _dadd                                    0x0000163d   Thumb Code   332  daddsub_clz.o(x$fpl$dadd)
    __fpl_dcmp_Inf                           0x0000178d   Thumb Code    24  dcmpi.o(x$fpl$dcmpinf)
    __aeabi_d2iz                             0x000017a5   Thumb Code     0  dfix.o(x$fpl$dfix)
    _dfix                                    0x000017a5   Thumb Code    94  dfix.o(x$fpl$dfix)
    __aeabi_ui2d                             0x00001803   Thumb Code     0  dflt_clz.o(x$fpl$dfltu)
    _dfltu                                   0x00001803   Thumb Code    38  dflt_clz.o(x$fpl$dfltu)
    __aeabi_cdcmple                          0x00001829   Thumb Code     0  dleqf.o(x$fpl$dleqf)
    _dcmple                                  0x00001829   Thumb Code   120  dleqf.o(x$fpl$dleqf)
    __fpl_dcmple_InfNaN                      0x0000188b   Thumb Code     0  dleqf.o(x$fpl$dleqf)
    __aeabi_dmul                             0x000018a1   Thumb Code     0  dmul.o(x$fpl$dmul)
    _dmul                                    0x000018a1   Thumb Code   332  dmul.o(x$fpl$dmul)
    __fpl_dnaninf                            0x000019f5   Thumb Code   156  dnaninf.o(x$fpl$dnaninf)
    __fpl_dretinf                            0x00001a91   Thumb Code    12  dretinf.o(x$fpl$dretinf)
    __aeabi_cdrcmple                         0x00001a9d   Thumb Code     0  drleqf.o(x$fpl$drleqf)
    _drcmple                                 0x00001a9d   Thumb Code   108  drleqf.o(x$fpl$drleqf)
    _drnd                                    0x00001b09   Thumb Code   180  drnd.o(x$fpl$drnd)
    __aeabi_drsub                            0x00001bbd   Thumb Code     0  daddsub_clz.o(x$fpl$drsb)
    _drsb                                    0x00001bbd   Thumb Code    22  daddsub_clz.o(x$fpl$drsb)
    __aeabi_dsub                             0x00001bd5   Thumb Code     0  daddsub_clz.o(x$fpl$dsub)
    _dsub                                    0x00001bd5   Thumb Code   464  daddsub_clz.o(x$fpl$dsub)
    SineWave64                               0x00001da8   Data          64  sound.o(.constdata)
    __I$use$fp                               0x00001da8   Number         0  usenofp.o(x$fpl$usenofp)
    Region$$Table$$Base                      0x00001de8   Number         0  anon$$obj.o(Region$$Table)
    Region$$Table$$Limit                     0x00001e08   Number         0  anon$$obj.o(Region$$Table)
    Index                                    0x20000000   Data           1  sound.o(.data)
    sound_enable                             0x20000004   Data           4  sound.o(.data)
    __libspace_start                         0x20000008   Data          96  libspace.o(.bss)
    __temporary_stack_top$libspace           0x20000068   Data           0  libspace.o(.bss)



==============================================================================

Memory Map of the image

  Image Entry point : 0x0000026d

  Load Region LR_1 (Base: 0x00000000, Size: 0x00001e10, Max: 0xffffffff, ABSOLUTE)

    Execution Region ER_RO (Exec base: 0x00000000, Load base: 0x00000000, Size: 0x00001e08, Max: 0xffffffff, ABSOLUTE)

    Exec Addr    Load Addr    Size         Type   Attr      Idx    E Section Name        Object

    0x00000000   0x00000000   0x00000284   Code   RO            3  * RESET               startup.o
    0x00000284   0x00000284   0x00000008   Code   RO          144  * !!!main             c_w.l(__main.o)
    0x0000028c   0x0000028c   0x00000034   Code   RO          345    !!!scatter          c_w.l(__scatter.o)
    0x000002c0   0x000002c0   0x0000001a   Code   RO          347    !!handler_copy      c_w.l(__scatter_copy.o)
    0x000002da   0x000002da   0x00000002   PAD
    0x000002dc   0x000002dc   0x0000001c   Code   RO          349    !!handler_zi        c_w.l(__scatter_zi.o)
    0x000002f8   0x000002f8   0x00000000   Code   RO          139    .ARM.Collect$$_printf_percent$$00000000  c_w.l(_printf_percent.o)
    0x000002f8   0x000002f8   0x00000006   Code   RO          138    .ARM.Collect$$_printf_percent$$00000009  c_w.l(_printf_d.o)
    0x000002fe   0x000002fe   0x00000004   Code   RO          171    .ARM.Collect$$_printf_percent$$00000017  c_w.l(_printf_percent_end.o)
    0x00000302   0x00000302   0x00000002   Code   RO          213    .ARM.Collect$$libinit$$00000000  c_w.l(libinit.o)
    0x00000304   0x00000304   0x00000000   Code   RO          220    .ARM.Collect$$libinit$$00000002  c_w.l(libinit2.o)
    0x00000304   0x00000304   0x00000000   Code   RO          222    .ARM.Collect$$libinit$$00000004  c_w.l(libinit2.o)
    0x00000304   0x00000304   0x00000000   Code   RO          225    .ARM.Collect$$libinit$$0000000A  c_w.l(libinit2.o)
    0x00000304   0x00000304   0x00000000   Code   RO          227    .ARM.Collect$$libinit$$0000000C  c_w.l(libinit2.o)
    0x00000304   0x00000304   0x00000000   Code   RO          229    .ARM.Collect$$libinit$$0000000E  c_w.l(libinit2.o)
    0x00000304   0x00000304   0x00000000   Code   RO          232    .ARM.Collect$$libinit$$00000011  c_w.l(libinit2.o)
    0x00000304   0x00000304   0x00000000   Code   RO          234    .ARM.Collect$$libinit$$00000013  c_w.l(libinit2.o)
    0x00000304   0x00000304   0x00000000   Code   RO          236    .ARM.Collect$$libinit$$00000015  c_w.l(libinit2.o)
    0x00000304   0x00000304   0x00000000   Code   RO          238    .ARM.Collect$$libinit$$00000017  c_w.l(libinit2.o)
    0x00000304   0x00000304   0x00000000   Code   RO          240    .ARM.Collect$$libinit$$00000019  c_w.l(libinit2.o)
    0x00000304   0x00000304   0x00000000   Code   RO          242    .ARM.Collect$$libinit$$0000001B  c_w.l(libinit2.o)
    0x00000304   0x00000304   0x00000000   Code   RO          244    .ARM.Collect$$libinit$$0000001D  c_w.l(libinit2.o)
    0x00000304   0x00000304   0x00000000   Code   RO          246    .ARM.Collect$$libinit$$0000001F  c_w.l(libinit2.o)
    0x00000304   0x00000304   0x00000000   Code   RO          248    .ARM.Collect$$libinit$$00000021  c_w.l(libinit2.o)
    0x00000304   0x00000304   0x00000000   Code   RO          250    .ARM.Collect$$libinit$$00000023  c_w.l(libinit2.o)
    0x00000304   0x00000304   0x00000000   Code   RO          252    .ARM.Collect$$libinit$$00000025  c_w.l(libinit2.o)
    0x00000304   0x00000304   0x00000000   Code   RO          256    .ARM.Collect$$libinit$$0000002C  c_w.l(libinit2.o)
    0x00000304   0x00000304   0x00000000   Code   RO          258    .ARM.Collect$$libinit$$0000002E  c_w.l(libinit2.o)
    0x00000304   0x00000304   0x00000000   Code   RO          260    .ARM.Collect$$libinit$$00000030  c_w.l(libinit2.o)
    0x00000304   0x00000304   0x00000000   Code   RO          262    .ARM.Collect$$libinit$$00000032  c_w.l(libinit2.o)
    0x00000304   0x00000304   0x00000002   Code   RO          263    .ARM.Collect$$libinit$$00000033  c_w.l(libinit2.o)
    0x00000306   0x00000306   0x00000002   Code   RO          283    .ARM.Collect$$libshutdown$$00000000  c_w.l(libshutdown.o)
    0x00000308   0x00000308   0x00000000   Code   RO          296    .ARM.Collect$$libshutdown$$00000002  c_w.l(libshutdown2.o)
    0x00000308   0x00000308   0x00000000   Code   RO          298    .ARM.Collect$$libshutdown$$00000004  c_w.l(libshutdown2.o)
    0x00000308   0x00000308   0x00000000   Code   RO          300    .ARM.Collect$$libshutdown$$00000006  c_w.l(libshutdown2.o)
    0x00000308   0x00000308   0x00000000   Code   RO          303    .ARM.Collect$$libshutdown$$00000009  c_w.l(libshutdown2.o)
    0x00000308   0x00000308   0x00000000   Code   RO          306    .ARM.Collect$$libshutdown$$0000000C  c_w.l(libshutdown2.o)
    0x00000308   0x00000308   0x00000000   Code   RO          308    .ARM.Collect$$libshutdown$$0000000E  c_w.l(libshutdown2.o)
    0x00000308   0x00000308   0x00000000   Code   RO          311    .ARM.Collect$$libshutdown$$00000011  c_w.l(libshutdown2.o)
    0x00000308   0x00000308   0x00000002   Code   RO          312    .ARM.Collect$$libshutdown$$00000012  c_w.l(libshutdown2.o)
    0x0000030a   0x0000030a   0x00000000   Code   RO          164    .ARM.Collect$$rtentry$$00000000  c_w.l(__rtentry.o)
    0x0000030a   0x0000030a   0x00000000   Code   RO          188    .ARM.Collect$$rtentry$$00000002  c_w.l(__rtentry2.o)
    0x0000030a   0x0000030a   0x00000006   Code   RO          200    .ARM.Collect$$rtentry$$00000004  c_w.l(__rtentry4.o)
    0x00000310   0x00000310   0x00000000   Code   RO          190    .ARM.Collect$$rtentry$$00000009  c_w.l(__rtentry2.o)
    0x00000310   0x00000310   0x00000004   Code   RO          191    .ARM.Collect$$rtentry$$0000000A  c_w.l(__rtentry2.o)
    0x00000314   0x00000314   0x00000000   Code   RO          193    .ARM.Collect$$rtentry$$0000000C  c_w.l(__rtentry2.o)
    0x00000314   0x00000314   0x00000008   Code   RO          194    .ARM.Collect$$rtentry$$0000000D  c_w.l(__rtentry2.o)
    0x0000031c   0x0000031c   0x00000002   Code   RO          217    .ARM.Collect$$rtexit$$00000000  c_w.l(rtexit.o)
    0x0000031e   0x0000031e   0x00000000   Code   RO          265    .ARM.Collect$$rtexit$$00000002  c_w.l(rtexit2.o)
    0x0000031e   0x0000031e   0x00000004   Code   RO          266    .ARM.Collect$$rtexit$$00000003  c_w.l(rtexit2.o)
    0x00000322   0x00000322   0x00000006   Code   RO          267    .ARM.Collect$$rtexit$$00000004  c_w.l(rtexit2.o)
    0x00000328   0x00000328   0x00000030   Code   RO            4    .text               startup.o
    0x00000358   0x00000358   0x00000120   Code   RO           12    .text               main.o
    0x00000478   0x00000478   0x00000678   Code   RO           40    .text               hc-sr04.o
    0x00000af0   0x00000af0   0x000002c4   Code   RO           55    .text               uart.o
    0x00000db4   0x00000db4   0x0000008c   Code   RO           67    .text               sound.o
    0x00000e40   0x00000e40   0x000004a8   Code   RO           86    .text               speaker.o
    0x000012e8   0x000012e8   0x00000028   Code   RO          112    .text               c_w.l(noretval__2sprintf.o)
    0x00001310   0x00001310   0x00000068   Code   RO          114    .text               c_w.l(__printf.o)
    0x00001378   0x00001378   0x00000078   Code   RO          116    .text               c_w.l(_printf_dec.o)
    0x000013f0   0x000013f0   0x0000004e   Code   RO          140    .text               c_w.l(rt_memclr_w.o)
    0x0000143e   0x0000143e   0x00000006   Code   RO          142    .text               c_w.l(heapauxi.o)
    0x00001444   0x00001444   0x000000b2   Code   RO          165    .text               c_w.l(_printf_intcommon.o)
    0x000014f6   0x000014f6   0x00000002   PAD
    0x000014f8   0x000014f8   0x00000030   Code   RO          167    .text               c_w.l(_printf_char_common.o)
    0x00001528   0x00001528   0x0000000a   Code   RO          169    .text               c_w.l(_sputc.o)
    0x00001532   0x00001532   0x0000004a   Code   RO          204    .text               c_w.l(sys_stackheap_outer.o)
    0x0000157c   0x0000157c   0x00000012   Code   RO          206    .text               c_w.l(exit.o)
    0x0000158e   0x0000158e   0x00000002   PAD
    0x00001590   0x00001590   0x00000008   Code   RO          214    .text               c_w.l(libspace.o)
    0x00001598   0x00001598   0x0000000c   Code   RO          275    .text               c_w.l(sys_exit.o)
    0x000015a4   0x000015a4   0x00000002   Code   RO          286    .text               c_w.l(use_no_semi.o)
    0x000015a6   0x000015a6   0x00000000   Code   RO          288    .text               c_w.l(indicate_semi.o)
    0x000015a6   0x000015a6   0x00000002   PAD
    0x000015a8   0x000015a8   0x00000094   Code   RO          162    i.round             m_ws.l(round.o)
    0x0000163c   0x0000163c   0x00000150   Code   RO          172    x$fpl$dadd          fz_ws.l(daddsub_clz.o)
    0x0000178c   0x0000178c   0x00000018   Code   RO          178    x$fpl$dcmpinf       fz_ws.l(dcmpi.o)
    0x000017a4   0x000017a4   0x0000005e   Code   RO          146    x$fpl$dfix          fz_ws.l(dfix.o)
    0x00001802   0x00001802   0x00000026   Code   RO          150    x$fpl$dfltu         fz_ws.l(dflt_clz.o)
    0x00001828   0x00001828   0x00000078   Code   RO          156    x$fpl$dleqf         fz_ws.l(dleqf.o)
    0x000018a0   0x000018a0   0x00000154   Code   RO          158    x$fpl$dmul          fz_ws.l(dmul.o)
    0x000019f4   0x000019f4   0x0000009c   Code   RO          180    x$fpl$dnaninf       fz_ws.l(dnaninf.o)
    0x00001a90   0x00001a90   0x0000000c   Code   RO          182    x$fpl$dretinf       fz_ws.l(dretinf.o)
    0x00001a9c   0x00001a9c   0x0000006c   Code   RO          160    x$fpl$drleqf        fz_ws.l(drleqf.o)
    0x00001b08   0x00001b08   0x000000b4   Code   RO          184    x$fpl$drnd          fz_ws.l(drnd.o)
    0x00001bbc   0x00001bbc   0x00000016   Code   RO          173    x$fpl$drsb          fz_ws.l(daddsub_clz.o)
    0x00001bd2   0x00001bd2   0x00000002   PAD
    0x00001bd4   0x00001bd4   0x000001d4   Code   RO          174    x$fpl$dsub          fz_ws.l(daddsub_clz.o)
    0x00001da8   0x00001da8   0x00000000   Code   RO          186    x$fpl$usenofp       fz_ws.l(usenofp.o)
    0x00001da8   0x00001da8   0x00000040   Data   RO           68    .constdata          sound.o
    0x00001de8   0x00001de8   0x00000020   Data   RO          343    Region$$Table       anon$$obj.o


    Execution Region ER_RW (Exec base: 0x20000000, Load base: 0x00001e08, Size: 0x00000008, Max: 0xffffffff, ABSOLUTE)

    Exec Addr    Load Addr    Size         Type   Attr      Idx    E Section Name        Object

    0x20000000   0x00001e08   0x00000008   Data   RW           69    .data               sound.o


    Execution Region ER_ZI (Exec base: 0x20000008, Load base: 0x00001e10, Size: 0x00000460, Max: 0xffffffff, ABSOLUTE)

    Exec Addr    Load Addr    Size         Type   Attr      Idx    E Section Name        Object

    0x20000008        -       0x00000060   Zero   RW          215    .bss                c_w.l(libspace.o)
    0x20000068        -       0x00000000   Zero   RW            2    HEAP                startup.o
    0x20000068        -       0x00000400   Zero   RW            1    STACK               startup.o


==============================================================================

Image component sizes


      Code (inc. data)   RO Data    RW Data    ZI Data      Debug   Object Name

      1656         98          0          0          0       2842   hc-sr04.o
       288         70          0          0          0       5327   main.o
       140         18         64          8          0       1502   sound.o
      1192         38          0          0          0       1862   speaker.o
       692        632          0          0       1024        988   startup.o
       708         32          0          0          0       2624   uart.o

    ----------------------------------------------------------------------
      4676        888         96          8       1024      15145   Object Totals
         0          0         32          0          0          0   (incl. Generated)
         0          0          0          0          0          0   (incl. Padding)

    ----------------------------------------------------------------------

      Code (inc. data)   RO Data    RW Data    ZI Data      Debug   Library Member Name

         8          0          0          0          0         68   __main.o
       104          0          0          0          0         84   __printf.o
         0          0          0          0          0          0   __rtentry.o
        12          0          0          0          0          0   __rtentry2.o
         6          0          0          0          0          0   __rtentry4.o
        52          8          0          0          0          0   __scatter.o
        26          0          0          0          0          0   __scatter_copy.o
        28          0          0          0          0          0   __scatter_zi.o
        48          6          0          0          0         96   _printf_char_common.o
         6          0          0          0          0          0   _printf_d.o
       120         16          0          0          0         92   _printf_dec.o
       178          0          0          0          0         88   _printf_intcommon.o
         0          0          0          0          0          0   _printf_percent.o
         4          0          0          0          0          0   _printf_percent_end.o
        10          0          0          0          0         68   _sputc.o
        18          0          0          0          0         80   exit.o
         6          0          0          0          0        152   heapauxi.o
         0          0          0          0          0          0   indicate_semi.o
         2          0          0          0          0          0   libinit.o
         2          0          0          0          0          0   libinit2.o
         2          0          0          0          0          0   libshutdown.o
         2          0          0          0          0          0   libshutdown2.o
         8          4          0          0         96         68   libspace.o
        40          6          0          0          0         84   noretval__2sprintf.o
        78          0          0          0          0         80   rt_memclr_w.o
         2          0          0          0          0          0   rtexit.o
        10          0          0          0          0          0   rtexit2.o
        12          4          0          0          0         68   sys_exit.o
        74          0          0          0          0         80   sys_stackheap_outer.o
         2          0          0          0          0         68   use_no_semi.o
       826         16          0          0          0        348   daddsub_clz.o
        24          0          0          0          0         68   dcmpi.o
        94          4          0          0          0         92   dfix.o
        38          0          0          0          0         68   dflt_clz.o
       120          4          0          0          0         92   dleqf.o
       340         12          0          0          0        104   dmul.o
       156          4          0          0          0         92   dnaninf.o
        12          0          0          0          0         68   dretinf.o
       108          0          0          0          0         80   drleqf.o
       180          4          0          0          0         80   drnd.o
         0          0          0          0          0          0   usenofp.o
       148         12          0          0          0         88   round.o

    ----------------------------------------------------------------------
      2916        100          0          0         96       2356   Library Totals
        10          0          0          0          0          0   (incl. Padding)

    ----------------------------------------------------------------------

      Code (inc. data)   RO Data    RW Data    ZI Data      Debug   Library Name

       860         44          0          0         96       1176   c_w.l
      1898         44          0          0          0       1092   fz_ws.l
       148         12          0          0          0         88   m_ws.l

    ----------------------------------------------------------------------
      2916        100          0          0         96       2356   Library Totals

    ----------------------------------------------------------------------

==============================================================================


      Code (inc. data)   RO Data    RW Data    ZI Data      Debug   

      7592        988         96          8       1120      15885   Grand Totals
      7592        988         96          8       1120      15885   ELF Image Totals
      7592        988         96          8          0          0   ROM Totals

==============================================================================

    Total RO  Size (Code + RO Data)                 7688 (   7.51kB)
    Total RW  Size (RW Data + ZI Data)              1128 (   1.10kB)
    Total ROM Size (Code + RO Data + RW Data)       7696 (   7.52kB)

==============================================================================

